============================= test session starts =============================
platform win32 -- Python 3.14.0, pytest-9.0.2, pluggy-1.6.0 -- C:\Proyectos\srtime-django\.venv\Scripts\python.exe
cachedir: .pytest_cache
django: version: 6.0.1, settings: config.settings (from ini)
rootdir: C:\Proyectos\srtime-django
configfile: pytest.ini
plugins: django-4.11.1
collecting ... collected 198 items / 6 errors

=================================== ERRORS ====================================
_______________ ERROR collecting tests/seed/test_actual_line.py _______________
tests\seed\test_actual_line.py:4: in <module>
    with open("C:/Proyectos/srtime-django/caso_real_sql/ZKTimeNet.db.sql", "r", encoding="utf-8", errors="ignore") as f:
         ^^^^^^^^^^^^^^^^^^^^^^^^^^^^^^^^^^^^^^^^^^^^^^^^^^^^^^^^^^^^^^^^^^^^^^^^^^^^^^^^^^^^^^^^^^^^^^^^^^^^^^^^^
E   FileNotFoundError: [Errno 2] No such file or directory: 'C:/Proyectos/srtime-django/caso_real_sql/ZKTimeNet.db.sql'
____________ ERROR collecting tests/seed/test_intelligent_calc.py _____________
tests\seed\test_intelligent_calc.py:19: in <module>
    results, skipped = calculate_period(start, end)
                       ^^^^^^^^^^^^^^^^^^^^^^^^^^^^
core\services\attendance_engine.py:383: in calculate_period
    employees = list(employees)
                ^^^^^^^^^^^^^^^
.venv\Lib\site-packages\django\db\models\query.py:390: in __iter__
    self._fetch_all()
.venv\Lib\site-packages\django\db\models\query.py:2000: in _fetch_all
    self._result_cache = list(self._iterable_class(self))
                         ^^^^^^^^^^^^^^^^^^^^^^^^^^^^^^^^
.venv\Lib\site-packages\django\db\models\query.py:95: in __iter__
    results = compiler.execute_sql(
.venv\Lib\site-packages\django\db\models\sql\compiler.py:1622: in execute_sql
    cursor = self.connection.cursor()
             ^^^^^^^^^^^^^^^^^^^^^^^^
.venv\Lib\site-packages\django\utils\asyncio.py:26: in inner
    return func(*args, **kwargs)
           ^^^^^^^^^^^^^^^^^^^^^
.venv\Lib\site-packages\django\db\backends\base\base.py:320: in cursor
    return self._cursor()
           ^^^^^^^^^^^^^^
.venv\Lib\site-packages\django\db\backends\base\base.py:296: in _cursor
    self.ensure_connection()
E   RuntimeError: Database access not allowed, use the "django_db" mark, or the "db" or "transactional_db" fixtures to enable it.
_________________ ERROR collecting tests/test_shadow_mode.py __________________
ImportError while importing test module 'C:\Proyectos\srtime-django\tests\test_shadow_mode.py'.
Hint: make sure your test modules/packages have valid Python names.
Traceback:
C:\Users\rdifo\AppData\Local\Programs\Python\Python314\Lib\importlib\__init__.py:88: in import_module
    return _bootstrap._gcd_import(name[level:], package, level)
           ^^^^^^^^^^^^^^^^^^^^^^^^^^^^^^^^^^^^^^^^^^^^^^^^^^^^
tests\test_shadow_mode.py:11: in <module>
    from core.services.shadow_mode_service import ShadowModeService, ShadowComparison
E   ModuleNotFoundError: No module named 'core.services.shadow_mode_service'
________________ ERROR collecting tests/tests/test_override.py ________________
ImportError while importing test module 'C:\Proyectos\srtime-django\tests\tests\test_override.py'.
Hint: make sure your test modules/packages have valid Python names.
Traceback:
C:\Users\rdifo\AppData\Local\Programs\Python\Python314\Lib\importlib\__init__.py:88: in import_module
    return _bootstrap._gcd_import(name[level:], package, level)
           ^^^^^^^^^^^^^^^^^^^^^^^^^^^^^^^^^^^^^^^^^^^^^^^^^^^^
tests\tests\test_override.py:11: in <module>
    from backend.database import settings
E   ModuleNotFoundError: No module named 'backend'
_____________ ERROR collecting tests/tests/test_recalculation.py ______________
ImportError while importing test module 'C:\Proyectos\srtime-django\tests\tests\test_recalculation.py'.
Hint: make sure your test modules/packages have valid Python names.
Traceback:
C:\Users\rdifo\AppData\Local\Programs\Python\Python314\Lib\importlib\__init__.py:88: in import_module
    return _bootstrap._gcd_import(name[level:], package, level)
           ^^^^^^^^^^^^^^^^^^^^^^^^^^^^^^^^^^^^^^^^^^^^^^^^^^^^
tests\tests\test_recalculation.py:10: in <module>
    from backend.database import settings
E   ModuleNotFoundError: No module named 'backend'
____________ ERROR collecting tests/tests/test_unscheduled_work.py ____________
ImportError while importing test module 'C:\Proyectos\srtime-django\tests\tests\test_unscheduled_work.py'.
Hint: make sure your test modules/packages have valid Python names.
Traceback:
C:\Users\rdifo\AppData\Local\Programs\Python\Python314\Lib\importlib\__init__.py:88: in import_module
    return _bootstrap._gcd_import(name[level:], package, level)
           ^^^^^^^^^^^^^^^^^^^^^^^^^^^^^^^^^^^^^^^^^^^^^^^^^^^^
tests\tests\test_unscheduled_work.py:12: in <module>
    from backend.database import Base
E   ModuleNotFoundError: No module named 'backend'
============================== warnings summary ===============================
tests\forensic\test_model_protection.py:65
  C:\Proyectos\srtime-django\tests\forensic\test_model_protection.py:65: PytestCollectionWarning: cannot collect test class 'TestableProtectedModel' because it has a __init__ constructor (from: tests/forensic/test_model_protection.py)
    class TestableProtectedModel(ForensicModelProtectionMixin, MockProtectedModel):

tests\shadow\test_review_workflow_service.py:109
  C:\Proyectos\srtime-django\tests\shadow\test_review_workflow_service.py:109: PytestCollectionWarning: cannot collect test class 'TestableWorkflowService' because it has a __init__ constructor (from: tests/shadow/test_review_workflow_service.py)
    class TestableWorkflowService:

-- Docs: https://docs.pytest.org/en/stable/how-to/capture-warnings.html
=========================== short test summary info ===========================
ERROR tests/seed/test_actual_line.py - FileNotFoundError: [Errno 2] No such f...
ERROR tests/seed/test_intelligent_calc.py - RuntimeError: Database access not...
ERROR tests/test_shadow_mode.py
ERROR tests/tests/test_override.py
ERROR tests/tests/test_recalculation.py
ERROR tests/tests/test_unscheduled_work.py
!!!!!!!!!!!!!!!!!!! Interrupted: 6 errors during collection !!!!!!!!!!!!!!!!!!!
======================== 2 warnings, 6 errors in 1.00s ========================
